// Jest Snapshot v1, https://goo.gl/fbAQLP

exports[`renders App correctly 1`] = `
<div
  className="App"
>
  <header>
    <h1
      className="logo"
    >
      <a
        href="#/projects"
        onClick={[Function]}
      >
        <img
          alt="She's Coding Projects"
          src="scp-logo.svg"
        />
      </a>
    </h1>
    <nav>
      <ul>
        <li>
          <a
            aria-current="page"
            className="current"
            href="#/"
            onClick={[Function]}
            style={Object {}}
          >
            Home
          </a>
        </li>
        <li>
          <a
            aria-current={null}
            href="#/projects"
            onClick={[Function]}
          >
            Projects
          </a>
        </li>
      </ul>
    </nav>
    <div
      className="auth"
    >
      <button
        onClick={[Function]}
      >
        Sign in with GitHub
      </button>
    </div>
  </header>
  <div
    className="platform-welcome"
  >
    <div>
      <section
        className="platform-intro"
      >
        <h1>
          Open Source Collaboration for Womxn In Tech
        </h1>
        <p>
          She's Coding Projects is a place for womxn in tech to share and find open-source projects so they can easily connect and collaborate in a safe environment. Join our community and let's write some awesome code together!
        </p>
        <button
          onClick={[Function]}
        >
          Join Us
        </button>
      </section>
      <section
        className="platform-features"
      >
        <div
          className="platform-feature"
        >
          <h3>
            Find A Project
          </h3>
          <p>
            Gain experience by contributing to womxn-led open source projects! Learn best practices, get code reviews and mentorship from womxn working in the industry, and build your portfolio.
          </p>
        </div>
        <div
          className="platform-feature"
        >
          <h3>
            Share A Project
          </h3>
          <p>
            Grow your leadership skills by spearheading a project! Guide newcomers to writing excellent code through PR/CR. Be a confident champion for other womxn in tech and help close the gender gap at your workplace and the industry.
          </p>
        </div>
        <div
          className="platform-feature"
        >
          <h3>
            Write Software You Love
          </h3>
          <p>
            Join forces with fellow womxn in tech to create, deliver and maintain projects that solve problems and improve lives! Form teams and support each other in your journeys to fulfulling careers in tech.
          </p>
        </div>
      </section>
    </div>
    <section
      className="platform-featured-projects"
    >
      <h2>
        Featured Projects
      </h2>
      <div
        className="projects-wrapper"
      />
    </section>
  </div>
  <footer>
    Brought to you with love by 
    <a
      href="https://shescoding.org/"
      rel="noopener noreferrer"
      target="_blank"
    >
      She's Coding
    </a>
  </footer>
</div>
`;
