// Jest Snapshot v1, https://goo.gl/fbAQLP

exports[`renders Header correctly 1`] = `
<header>
  <h1
    className="logo"
  >
    <a
      href="/projects"
      onClick={[Function]}
    >
      she's collaborating
    </a>
  </h1>
  <nav>
    <ul>
      <li>
        <a
          aria-current="page"
          className="current"
          href="/"
          onClick={[Function]}
          style={Object {}}
        >
          Home
        </a>
      </li>
      <li>
        <a
          aria-current={null}
          href="/projects"
          onClick={[Function]}
        >
          Projects
        </a>
      </li>
    </ul>
  </nav>
  <div
    className="auth"
  >
    <button
      onClick={[Function]}
    >
      Sign in with GitHub
    </button>
  </div>
</header>
`;
